Archive member included because of file (symbol)

C:\dev\sdk\teams\marmite\5.2\s3e\edk\lib\android\libedk.a(edk_helpers.o)
                              release\s3eSoundPool_platform.os (s3eEdkThreadRunOnOS)

Discarded input sections

 .group         0x00000000       0x10 release\s3eSoundPool_platform.os
 .group         0x00000000       0x10 release\s3eSoundPool_platform.os
 .group         0x00000000       0x10 release\s3eSoundPool_platform.os
 .group         0x00000000       0x10 release\s3eSoundPool_platform.os
 .text          0x00000000        0x0 release\s3eSoundPool_platform.os
 .data          0x00000000        0x0 release\s3eSoundPool_platform.os
 .ARM.extab.text._Z24s3eSoundPool_SampleEndedP7_JNIEnvP8_jobjecti
                0x00000000        0x0 release\s3eSoundPool_platform.os
 .ARM.extab.text._Z25s3eSoundPoolInit_platformv
                0x00000000        0x0 release\s3eSoundPool_platform.os
 .ARM.extab.text._ZL27s3eEdkAndroidFindClass_realPKc
                0x00000000        0x0 release\s3eSoundPool_platform.os
 .ARM.extab.text._Z33s3eSoundPoolSampleResume_platformi
                0x00000000        0x0 release\s3eSoundPool_platform.os
 .ARM.extab.text._Z32s3eSoundPoolSamplePause_platformi
                0x00000000        0x0 release\s3eSoundPool_platform.os
 .ARM.extab.text._Z31s3eSoundPoolSampleStop_platformi
                0x00000000        0x0 release\s3eSoundPool_platform.os
 .ARM.extab.text._Z31s3eSoundPoolSamplePlay_platformiii
                0x00000000        0x0 release\s3eSoundPool_platform.os
 .ARM.extab.text._Z33s3eSoundPoolSampleUnload_platformi
                0x00000000        0x0 release\s3eSoundPool_platform.os
 .ARM.extab.text._Z31s3eSoundPoolSampleLoad_platformPKc
                0x00000000        0x0 release\s3eSoundPool_platform.os
 .ARM.extab.text._Z35s3eSoundPoolStopAllSamples_platformv
                0x00000000        0x0 release\s3eSoundPool_platform.os
 .ARM.extab.text._Z37s3eSoundPoolResumeAllSamples_platformv
                0x00000000        0x0 release\s3eSoundPool_platform.os
 .ARM.extab.text._Z36s3eSoundPoolPauseAllSamples_platformv
                0x00000000        0x0 release\s3eSoundPool_platform.os
 .ARM.extab.text._Z33s3eSoundPoolSampleSetInt_platformi26s3eSoundPoolSamplePropertyi
                0x00000000        0x0 release\s3eSoundPool_platform.os
 .ARM.extab.text._Z33s3eSoundPoolSampleGetInt_platformi26s3eSoundPoolSampleProperty
                0x00000000        0x0 release\s3eSoundPool_platform.os
 .ARM.extab.text._Z27s3eSoundPoolGetInt_platform20s3eSoundPoolProperty
                0x00000000        0x0 release\s3eSoundPool_platform.os
 .ARM.extab.text._Z27s3eSoundPoolSetInt_platform20s3eSoundPoolPropertyi
                0x00000000        0x0 release\s3eSoundPool_platform.os
 .ARM.extab.text._Z30s3eSoundPoolTerminate_platformv
                0x00000000        0x0 release\s3eSoundPool_platform.os
 .note.GNU-stack
                0x00000000        0x0 release\s3eSoundPool_platform.os
 .text          0x00000000        0x0 release\s3eSoundPool.os
 .data          0x00000000        0x0 release\s3eSoundPool.os
 .bss           0x00000000        0x0 release\s3eSoundPool.os
 .note.GNU-stack
                0x00000000        0x0 release\s3eSoundPool.os
 .text          0x00000000        0x0 release\s3eSoundPool_register.os
 .data          0x00000000        0x0 release\s3eSoundPool_register.os
 .bss           0x00000000        0x0 release\s3eSoundPool_register.os
 .ARM.extab.text.s3eSoundPoolGetErrorString
                0x00000000        0x0 release\s3eSoundPool_register.os
 .text._Z23s3eSoundPoolRegisterExtv
                0x00000000      0x130 release\s3eSoundPool_register.os
 .ARM.extab.text._Z23s3eSoundPoolRegisterExtv
                0x00000000        0x0 release\s3eSoundPool_register.os
 .ARM.exidx.text._Z23s3eSoundPoolRegisterExtv
                0x00000000        0x8 release\s3eSoundPool_register.os
 .ARM.extab.text.s3eSoundPoolUnRegister
                0x00000000        0x0 release\s3eSoundPool_register.os
 .ARM.extab.text.s3eSoundPoolRegister
                0x00000000        0x0 release\s3eSoundPool_register.os
 .ARM.extab.text.RegisterExt
                0x00000000        0x0 release\s3eSoundPool_register.os
 .note.GNU-stack
                0x00000000        0x0 release\s3eSoundPool_register.os
 .text          0x00000000        0x0 C:\dev\sdk\teams\marmite\5.2\s3e\edk\lib\android\libedk.a(edk_helpers.o)
 .data          0x00000000        0x0 C:\dev\sdk\teams\marmite\5.2\s3e\edk\lib\android\libedk.a(edk_helpers.o)
 .bss           0x00000000        0x0 C:\dev\sdk\teams\marmite\5.2\s3e\edk\lib\android\libedk.a(edk_helpers.o)
 .text.s3eEdkThreadRunOnOSAsync
                0x00000000       0x30 C:\dev\sdk\teams\marmite\5.2\s3e\edk\lib\android\libedk.a(edk_helpers.o)
 .ARM.extab.text.s3eEdkThreadRunOnOSAsync
                0x00000000        0xc C:\dev\sdk\teams\marmite\5.2\s3e\edk\lib\android\libedk.a(edk_helpers.o)
 .ARM.exidx.text.s3eEdkThreadRunOnOSAsync
                0x00000000        0x8 C:\dev\sdk\teams\marmite\5.2\s3e\edk\lib\android\libedk.a(edk_helpers.o)
 .text.s3eEdkErrorSetString
                0x00000000       0x30 C:\dev\sdk\teams\marmite\5.2\s3e\edk\lib\android\libedk.a(edk_helpers.o)
 .ARM.extab.text.s3eEdkErrorSetString
                0x00000000        0xc C:\dev\sdk\teams\marmite\5.2\s3e\edk\lib\android\libedk.a(edk_helpers.o)
 .ARM.exidx.text.s3eEdkErrorSetString
                0x00000000        0x8 C:\dev\sdk\teams\marmite\5.2\s3e\edk\lib\android\libedk.a(edk_helpers.o)
 .note.GNU-stack
                0x00000000        0x0 C:\dev\sdk\teams\marmite\5.2\s3e\edk\lib\android\libedk.a(edk_helpers.o)

Memory Configuration

Name             Origin             Length             Attributes
*default*        0x00000000         0xffffffff

Linker script and memory map

LOAD release\s3eSoundPool_platform.os
LOAD release\s3eSoundPool.os
LOAD release\s3eSoundPool_register.os
LOAD C:\dev\sdk\teams\marmite\5.2\s3e\edk\lib\android\libedk.a
LOAD C:\dev\sdk\teams\marmite\5.2\s3e\edk\lib\android/libplaceholderplaceholderplaceholderplaceholderplaceholder.so
LOAD C:\dev\sdk\teams\marmite\5.2\platform_libs\android\arch-arm\usr\lib/libc.so
LOAD C:\dev\sdk\teams\marmite\5.2\platform_libs\android\arch-arm\usr\lib/libm.so
LOAD C:\dev\sdk\teams\marmite\5.2\platform_libs\android\arch-arm\usr\lib/liblog.so
LOAD C:\dev\sdk\teams\marmite\5.2\platform_libs\android\gnu-libstdc++\libs\armeabi\libstdc++.a
LOAD c:/dev/sdk/teams/marmite/5.2/platform_libs/linux/gcc/bin/../lib/gcc/arm-none-linux-gnueabi/4.4.1\libgcc.a
                0x000000d4                . = (0x0 + SIZEOF_HEADERS)

.note.gnu.build-id
 *(.note.gnu.build-id)

.hash           0x000000d4       0xb8
 *(.hash)
 .hash          0x000000d4       0xb8 release\s3eSoundPool_platform.os

.gnu.hash
 *(.gnu.hash)

.dynsym         0x0000018c      0x1b0
 *(.dynsym)
 .dynsym        0x0000018c      0x1b0 release\s3eSoundPool_platform.os

.dynstr         0x0000033c      0x1ae
 *(.dynstr)
 .dynstr        0x0000033c      0x1ae release\s3eSoundPool_platform.os

.gnu.version    0x000004ea        0x0
 *(.gnu.version)
 .gnu.version   0x00000000        0x0 release\s3eSoundPool_platform.os

.gnu.version_d  0x000004ec        0x0 load address 0x000004ea
 *(.gnu.version_d)
 .gnu.version_d
                0x00000000        0x0 release\s3eSoundPool_platform.os

.gnu.version_r  0x000004ec        0x0 load address 0x000004ea
 *(.gnu.version_r)
 .gnu.version_r
                0x00000000        0x0 release\s3eSoundPool_platform.os

.rel.dyn        0x000004ec      0x238
 *(.rel.init)
 *(.rel.text .rel.text.* .rel.gnu.linkonce.t.*)
 .rel.text._Z21s3eSoundPool_SetErrorP7_JNIEnvP8_jobjecti
                0x000004ec       0x20 release\s3eSoundPool_platform.os
 .rel.text._Z25s3eSoundPoolInit_platformv
                0x0000050c       0xd8 release\s3eSoundPool_platform.os
 .rel.text._Z33s3eSoundPoolSampleResume_platformi
                0x000005e4        0x8 release\s3eSoundPool_platform.os
 .rel.text._Z32s3eSoundPoolSamplePause_platformi
                0x000005ec        0x8 release\s3eSoundPool_platform.os
 .rel.text._Z31s3eSoundPoolSampleStop_platformi
                0x000005f4        0x8 release\s3eSoundPool_platform.os
 .rel.text._Z31s3eSoundPoolSamplePlay_platformiii
                0x000005fc        0x8 release\s3eSoundPool_platform.os
 .rel.text._Z33s3eSoundPoolSampleUnload_platformi
                0x00000604        0x8 release\s3eSoundPool_platform.os
 .rel.text._Z31s3eSoundPoolSampleLoad_platformPKc
                0x0000060c        0x8 release\s3eSoundPool_platform.os
 .rel.text._Z35s3eSoundPoolStopAllSamples_platformv
                0x00000614        0x8 release\s3eSoundPool_platform.os
 .rel.text._Z37s3eSoundPoolResumeAllSamples_platformv
                0x0000061c        0x8 release\s3eSoundPool_platform.os
 .rel.text._Z36s3eSoundPoolPauseAllSamples_platformv
                0x00000624        0x8 release\s3eSoundPool_platform.os
 .rel.text._Z33s3eSoundPoolSampleSetInt_platformi26s3eSoundPoolSamplePropertyi
                0x0000062c        0x8 release\s3eSoundPool_platform.os
 .rel.text._Z33s3eSoundPoolSampleGetInt_platformi26s3eSoundPoolSampleProperty
                0x00000634        0x8 release\s3eSoundPool_platform.os
 .rel.text._Z27s3eSoundPoolGetInt_platform20s3eSoundPoolProperty
                0x0000063c        0x8 release\s3eSoundPool_platform.os
 .rel.text._Z27s3eSoundPoolSetInt_platform20s3eSoundPoolPropertyi
                0x00000644        0x8 release\s3eSoundPool_platform.os
 .rel.text._Z30s3eSoundPoolTerminate_platformv
                0x0000064c        0x8 release\s3eSoundPool_platform.os
 .rel.text._Z23s3eSoundPoolRegisterExtv
                0x00000000        0x0 release\s3eSoundPool_platform.os
 .rel.text.RegisterExt
                0x00000654       0xa0 release\s3eSoundPool_platform.os
 *(.rel.fini)
 *(.rel.rodata .rel.rodata.* .rel.gnu.linkonce.r.*)
 .rel.rodata    0x000006f4       0x30 release\s3eSoundPool_platform.os
 *(.rel.data.rel.ro* .rel.gnu.linkonce.d.rel.ro.*)
 *(.rel.data .rel.data.* .rel.gnu.linkonce.d.*)
 *(.rel.tdata .rel.tdata.* .rel.gnu.linkonce.td.*)
 *(.rel.tbss .rel.tbss.* .rel.gnu.linkonce.tb.*)
 *(.rel.ctors)
 *(.rel.dtors)
 *(.rel.got)
 .rel.got       0x00000000        0x0 release\s3eSoundPool_platform.os
 *(.rel.bss .rel.bss.* .rel.gnu.linkonce.b.*)
 *(.rel.ifunc)

.rela.dyn
 *(.rela.init)
 *(.rela.text .rela.text.* .rela.gnu.linkonce.t.*)
 *(.rela.fini)
 *(.rela.rodata .rela.rodata.* .rela.gnu.linkonce.r.*)
 *(.rela.data .rela.data.* .rela.gnu.linkonce.d.*)
 *(.rela.tdata .rela.tdata.* .rela.gnu.linkonce.td.*)
 *(.rela.tbss .rela.tbss.* .rela.gnu.linkonce.tb.*)
 *(.rela.ctors)
 *(.rela.dtors)
 *(.rela.got)
 *(.rela.bss .rela.bss.* .rela.gnu.linkonce.b.*)
 *(.rela.ifunc)

.rel.plt        0x00000724       0x48
 *(.rel.plt)
 .rel.plt       0x00000724       0x48 release\s3eSoundPool_platform.os
 *(.rel.iplt)

.rela.plt
 *(.rela.plt)
 *(.rela.iplt)

.init
 *(.init)

.plt            0x0000076c       0x80
 *(.plt)
 .plt           0x0000076c       0x80 release\s3eSoundPool_platform.os
 *(.iplt)

.text           0x000007ec      0xf80
 *(.text .stub .text.* .gnu.linkonce.t.*)
 .text._ZN7_JNIEnv11GetMethodIDEP7_jclassPKcS3_
                0x000007ec       0x1c release\s3eSoundPool_platform.os
                0x000007ec                _JNIEnv::GetMethodID(_jclass*, char const*, char const*)
 .text._Z24s3eSoundPool_SampleEndedP7_JNIEnvP8_jobjecti
                0x00000808       0x48 release\s3eSoundPool_platform.os
                0x00000808                s3eSoundPool_SampleEnded(_JNIEnv*, _jobject*, int)
 .text._Z21s3eSoundPool_SetErrorP7_JNIEnvP8_jobjecti
                0x00000850       0x8c release\s3eSoundPool_platform.os
                0x00000850                s3eSoundPool_SetError(_JNIEnv*, _jobject*, int)
 .text._ZN7_JNIEnv13CallIntMethodEP8_jobjectP10_jmethodIDz
                0x000008dc       0x38 release\s3eSoundPool_platform.os
                0x000008dc                _JNIEnv::CallIntMethod(_jobject*, _jmethodID*, ...)
 .text._ZN7_JNIEnv14CallVoidMethodEP8_jobjectP10_jmethodIDz
                0x00000914       0x38 release\s3eSoundPool_platform.os
                0x00000914                _JNIEnv::CallVoidMethod(_jobject*, _jmethodID*, ...)
 .text._ZN7_JNIEnv9NewObjectEP7_jclassP10_jmethodIDz
                0x0000094c       0x38 release\s3eSoundPool_platform.os
                0x0000094c                _JNIEnv::NewObject(_jclass*, _jmethodID*, ...)
 .text._Z25s3eSoundPoolInit_platformv
                0x00000984      0x3f4 release\s3eSoundPool_platform.os
                0x00000984                s3eSoundPoolInit_platform()
 .text._ZL27s3eEdkAndroidFindClass_realPKc
                0x00000d78       0xa0 release\s3eSoundPool_platform.os
 .text._Z33s3eSoundPoolSampleResume_platformi
                0x00000e18       0x5c release\s3eSoundPool_platform.os
                0x00000e18                s3eSoundPoolSampleResume_platform(int)
 .text._Z32s3eSoundPoolSamplePause_platformi
                0x00000e74       0x5c release\s3eSoundPool_platform.os
                0x00000e74                s3eSoundPoolSamplePause_platform(int)
 .text._Z31s3eSoundPoolSampleStop_platformi
                0x00000ed0       0x5c release\s3eSoundPool_platform.os
                0x00000ed0                s3eSoundPoolSampleStop_platform(int)
 .text._Z31s3eSoundPoolSamplePlay_platformiii
                0x00000f2c       0x6c release\s3eSoundPool_platform.os
                0x00000f2c                s3eSoundPoolSamplePlay_platform(int, int, int)
 .text._Z33s3eSoundPoolSampleUnload_platformi
                0x00000f98       0x5c release\s3eSoundPool_platform.os
                0x00000f98                s3eSoundPoolSampleUnload_platform(int)
 .text._Z31s3eSoundPoolSampleLoad_platformPKc
                0x00000ff4       0x9c release\s3eSoundPool_platform.os
                0x00000ff4                s3eSoundPoolSampleLoad_platform(char const*)
 .text._Z35s3eSoundPoolStopAllSamples_platformv
                0x00001090       0x54 release\s3eSoundPool_platform.os
                0x00001090                s3eSoundPoolStopAllSamples_platform()
 .text._Z37s3eSoundPoolResumeAllSamples_platformv
                0x000010e4       0x54 release\s3eSoundPool_platform.os
                0x000010e4                s3eSoundPoolResumeAllSamples_platform()
 .text._Z36s3eSoundPoolPauseAllSamples_platformv
                0x00001138       0x54 release\s3eSoundPool_platform.os
                0x00001138                s3eSoundPoolPauseAllSamples_platform()
 .text._Z33s3eSoundPoolSampleSetInt_platformi26s3eSoundPoolSamplePropertyi
                0x0000118c       0xa4 release\s3eSoundPool_platform.os
                0x0000118c                s3eSoundPoolSampleSetInt_platform(int, s3eSoundPoolSampleProperty, int)
 .text._Z33s3eSoundPoolSampleGetInt_platformi26s3eSoundPoolSampleProperty
                0x00001230       0xdc release\s3eSoundPool_platform.os
                0x00001230                s3eSoundPoolSampleGetInt_platform(int, s3eSoundPoolSampleProperty)
 .text._Z27s3eSoundPoolGetInt_platform20s3eSoundPoolProperty
                0x0000130c       0x7c release\s3eSoundPool_platform.os
                0x0000130c                s3eSoundPoolGetInt_platform(s3eSoundPoolProperty)
 .text._Z27s3eSoundPoolSetInt_platform20s3eSoundPoolPropertyi
                0x00001388       0x94 release\s3eSoundPool_platform.os
                0x00001388                s3eSoundPoolSetInt_platform(s3eSoundPoolProperty, int)
 .text._Z30s3eSoundPoolTerminate_platformv
                0x0000141c       0x74 release\s3eSoundPool_platform.os
                0x0000141c                s3eSoundPoolTerminate_platform()
 .text.s3eSoundPoolSampleSetInt
                0x00001490       0x10 release\s3eSoundPool.os
                0x00001490                s3eSoundPoolSampleSetInt
 .text.s3eSoundPoolSampleGetInt
                0x000014a0       0x10 release\s3eSoundPool.os
                0x000014a0                s3eSoundPoolSampleGetInt
 .text.s3eSoundPoolSampleResume
                0x000014b0       0x10 release\s3eSoundPool.os
                0x000014b0                s3eSoundPoolSampleResume
 .text.s3eSoundPoolSamplePause
                0x000014c0       0x10 release\s3eSoundPool.os
                0x000014c0                s3eSoundPoolSamplePause
 .text.s3eSoundPoolSampleStop
                0x000014d0       0x10 release\s3eSoundPool.os
                0x000014d0                s3eSoundPoolSampleStop
 .text.s3eSoundPoolSamplePlay
                0x000014e0       0x10 release\s3eSoundPool.os
                0x000014e0                s3eSoundPoolSamplePlay
 .text.s3eSoundPoolSampleUnload
                0x000014f0       0x10 release\s3eSoundPool.os
                0x000014f0                s3eSoundPoolSampleUnload
 .text.s3eSoundPoolSampleLoad
                0x00001500       0x10 release\s3eSoundPool.os
                0x00001500                s3eSoundPoolSampleLoad
 .text.s3eSoundPoolStopAllSamples
                0x00001510       0x10 release\s3eSoundPool.os
                0x00001510                s3eSoundPoolStopAllSamples
 .text.s3eSoundPoolResumeAllSamples
                0x00001520       0x10 release\s3eSoundPool.os
                0x00001520                s3eSoundPoolResumeAllSamples
 .text.s3eSoundPoolPauseAllSamples
                0x00001530       0x10 release\s3eSoundPool.os
                0x00001530                s3eSoundPoolPauseAllSamples
 .text.s3eSoundPoolSetInt
                0x00001540       0x10 release\s3eSoundPool.os
                0x00001540                s3eSoundPoolSetInt
 .text.s3eSoundPoolGetInt
                0x00001550       0x10 release\s3eSoundPool.os
                0x00001550                s3eSoundPoolGetInt
 .text._Z21s3eSoundPoolTerminatev
                0x00001560       0x10 release\s3eSoundPool.os
                0x00001560                s3eSoundPoolTerminate()
 .text._Z16s3eSoundPoolInitv
                0x00001570       0x10 release\s3eSoundPool.os
                0x00001570                s3eSoundPoolInit()
 .text.s3eSoundPoolGetErrorString
                0x00001580        0x8 release\s3eSoundPool_register.os
                0x00001580                s3eSoundPoolGetErrorString
 .text.s3eSoundPoolUnRegister
                0x00001588       0x34 release\s3eSoundPool_register.os
                0x00001588                s3eSoundPoolUnRegister
 .text.s3eSoundPoolRegister
                0x000015bc       0x38 release\s3eSoundPool_register.os
                0x000015bc                s3eSoundPoolRegister
 .text.s3eSoundPoolGetError
                0x000015f4       0x18 release\s3eSoundPool_register.os
                0x000015f4                s3eSoundPoolGetError
 .text.RegisterExt
                0x0000160c      0x130 release\s3eSoundPool_register.os
                0x0000160c                RegisterExt
 .text.s3eEdkThreadRunOnOS
                0x0000173c       0x30 C:\dev\sdk\teams\marmite\5.2\s3e\edk\lib\android\libedk.a(edk_helpers.o)
                0x0000173c                s3eEdkThreadRunOnOS
 *(.gnu.warning)
 *(.glue_7t)
 .glue_7t       0x00000000        0x0 linker stubs
 *(.glue_7)
 .glue_7        0x00000000        0x0 linker stubs
 *(.vfp11_veneer)
 .vfp11_veneer  0x00000000        0x0 linker stubs
 *(.v4_bx)
 .v4_bx         0x00000000        0x0 linker stubs

.fini
 *(.fini)
                0x0000176c                PROVIDE (__etext, .)
                0x0000176c                PROVIDE (_etext, .)
                0x0000176c                PROVIDE (etext, .)

.rodata         0x0000176c      0x168
 *(.rodata .rodata.* .gnu.linkonce.r.*)
 .rodata        0x0000176c       0x18 release\s3eSoundPool_platform.os
 .rodata.str1.4
                0x00001784      0x150 release\s3eSoundPool_platform.os
 .rodata.str1.4
                0x00000000       0x10 release\s3eSoundPool_register.os

.rodata1
 *(.rodata1)

.ARM.extab      0x000018d4      0x108
 *(.ARM.extab* .gnu.linkonce.armextab.*)
 .ARM.extab.text._ZN7_JNIEnv11GetMethodIDEP7_jclassPKcS3_
                0x000018d4        0xc release\s3eSoundPool_platform.os
 .ARM.extab.text._Z21s3eSoundPool_SetErrorP7_JNIEnvP8_jobjecti
                0x000018e0        0xc release\s3eSoundPool_platform.os
 .ARM.extab.text._ZN7_JNIEnv13CallIntMethodEP8_jobjectP10_jmethodIDz
                0x000018ec        0xc release\s3eSoundPool_platform.os
 .ARM.extab.text._ZN7_JNIEnv14CallVoidMethodEP8_jobjectP10_jmethodIDz
                0x000018f8        0xc release\s3eSoundPool_platform.os
 .ARM.extab.text._ZN7_JNIEnv9NewObjectEP7_jclassP10_jmethodIDz
                0x00001904        0xc release\s3eSoundPool_platform.os
 .ARM.extab.text.s3eSoundPoolSampleSetInt
                0x00001910        0xc release\s3eSoundPool.os
 .ARM.extab.text.s3eSoundPoolSampleGetInt
                0x0000191c        0xc release\s3eSoundPool.os
 .ARM.extab.text.s3eSoundPoolSampleResume
                0x00001928        0xc release\s3eSoundPool.os
 .ARM.extab.text.s3eSoundPoolSamplePause
                0x00001934        0xc release\s3eSoundPool.os
 .ARM.extab.text.s3eSoundPoolSampleStop
                0x00001940        0xc release\s3eSoundPool.os
 .ARM.extab.text.s3eSoundPoolSamplePlay
                0x0000194c        0xc release\s3eSoundPool.os
 .ARM.extab.text.s3eSoundPoolSampleUnload
                0x00001958        0xc release\s3eSoundPool.os
 .ARM.extab.text.s3eSoundPoolSampleLoad
                0x00001964        0xc release\s3eSoundPool.os
 .ARM.extab.text.s3eSoundPoolStopAllSamples
                0x00001970        0xc release\s3eSoundPool.os
 .ARM.extab.text.s3eSoundPoolResumeAllSamples
                0x0000197c        0xc release\s3eSoundPool.os
 .ARM.extab.text.s3eSoundPoolPauseAllSamples
                0x00001988        0xc release\s3eSoundPool.os
 .ARM.extab.text.s3eSoundPoolSetInt
                0x00001994        0xc release\s3eSoundPool.os
 .ARM.extab.text.s3eSoundPoolGetInt
                0x000019a0        0xc release\s3eSoundPool.os
 .ARM.extab.text._Z21s3eSoundPoolTerminatev
                0x000019ac        0xc release\s3eSoundPool.os
 .ARM.extab.text._Z16s3eSoundPoolInitv
                0x000019b8        0xc release\s3eSoundPool.os
 .ARM.extab.text.s3eSoundPoolGetError
                0x000019c4        0xc release\s3eSoundPool_register.os
 .ARM.extab.text.s3eEdkThreadRunOnOS
                0x000019d0        0xc C:\dev\sdk\teams\marmite\5.2\s3e\edk\lib\android\libedk.a(edk_helpers.o)
                0x000019dc                PROVIDE (__exidx_start, .)

.ARM.exidx      0x000019dc      0x138
 *(.ARM.exidx* .gnu.linkonce.armexidx.*)
 .ARM.exidx.text._ZN7_JNIEnv11GetMethodIDEP7_jclassPKcS3_
                0x000019dc        0x8 release\s3eSoundPool_platform.os
 .ARM.exidx.text._Z24s3eSoundPool_SampleEndedP7_JNIEnvP8_jobjecti
                0x000019e4        0x8 release\s3eSoundPool_platform.os
 .ARM.exidx.text._Z21s3eSoundPool_SetErrorP7_JNIEnvP8_jobjecti
                0x000019ec        0x8 release\s3eSoundPool_platform.os
 .ARM.exidx.text._ZN7_JNIEnv13CallIntMethodEP8_jobjectP10_jmethodIDz
                0x000019f4        0x8 release\s3eSoundPool_platform.os
 .ARM.exidx.text._ZN7_JNIEnv14CallVoidMethodEP8_jobjectP10_jmethodIDz
                0x000019fc        0x8 release\s3eSoundPool_platform.os
 .ARM.exidx.text._ZN7_JNIEnv9NewObjectEP7_jclassP10_jmethodIDz
                0x00001a04        0x8 release\s3eSoundPool_platform.os
 .ARM.exidx.text._Z25s3eSoundPoolInit_platformv
                0x00001a0c        0x8 release\s3eSoundPool_platform.os
 .ARM.exidx.text._ZL27s3eEdkAndroidFindClass_realPKc
                0x00001a14        0x8 release\s3eSoundPool_platform.os
 .ARM.exidx.text._Z33s3eSoundPoolSampleResume_platformi
                0x00001a1c        0x8 release\s3eSoundPool_platform.os
 .ARM.exidx.text._Z32s3eSoundPoolSamplePause_platformi
                0x00001a24        0x0 release\s3eSoundPool_platform.os
                                  0x8 (size before relaxing)
 .ARM.exidx.text._Z31s3eSoundPoolSampleStop_platformi
                0x00001a24        0x0 release\s3eSoundPool_platform.os
                                  0x8 (size before relaxing)
 .ARM.exidx.text._Z31s3eSoundPoolSamplePlay_platformiii
                0x00001a24        0x8 release\s3eSoundPool_platform.os
 .ARM.exidx.text._Z33s3eSoundPoolSampleUnload_platformi
                0x00001a2c        0x8 release\s3eSoundPool_platform.os
 .ARM.exidx.text._Z31s3eSoundPoolSampleLoad_platformPKc
                0x00001a34        0x8 release\s3eSoundPool_platform.os
 .ARM.exidx.text._Z35s3eSoundPoolStopAllSamples_platformv
                0x00001a3c        0x8 release\s3eSoundPool_platform.os
 .ARM.exidx.text._Z37s3eSoundPoolResumeAllSamples_platformv
                0x00001a44        0x0 release\s3eSoundPool_platform.os
                                  0x8 (size before relaxing)
 .ARM.exidx.text._Z36s3eSoundPoolPauseAllSamples_platformv
                0x00001a44        0x0 release\s3eSoundPool_platform.os
                                  0x8 (size before relaxing)
 .ARM.exidx.text._Z33s3eSoundPoolSampleSetInt_platformi26s3eSoundPoolSamplePropertyi
                0x00001a44        0x8 release\s3eSoundPool_platform.os
 .ARM.exidx.text._Z33s3eSoundPoolSampleGetInt_platformi26s3eSoundPoolSampleProperty
                0x00001a4c        0x8 release\s3eSoundPool_platform.os
 .ARM.exidx.text._Z27s3eSoundPoolGetInt_platform20s3eSoundPoolProperty
                0x00001a54        0x8 release\s3eSoundPool_platform.os
 .ARM.exidx.text._Z27s3eSoundPoolSetInt_platform20s3eSoundPoolPropertyi
                0x00001a5c        0x8 release\s3eSoundPool_platform.os
 .ARM.exidx.text._Z30s3eSoundPoolTerminate_platformv
                0x00001a64        0x8 release\s3eSoundPool_platform.os
 .ARM.exidx.text.s3eSoundPoolSampleSetInt
                0x00001a6c        0x8 release\s3eSoundPool.os
 .ARM.exidx.text.s3eSoundPoolSampleGetInt
                0x00001a74        0x8 release\s3eSoundPool.os
 .ARM.exidx.text.s3eSoundPoolSampleResume
                0x00001a7c        0x8 release\s3eSoundPool.os
 .ARM.exidx.text.s3eSoundPoolSamplePause
                0x00001a84        0x8 release\s3eSoundPool.os
 .ARM.exidx.text.s3eSoundPoolSampleStop
                0x00001a8c        0x8 release\s3eSoundPool.os
 .ARM.exidx.text.s3eSoundPoolSamplePlay
                0x00001a94        0x8 release\s3eSoundPool.os
 .ARM.exidx.text.s3eSoundPoolSampleUnload
                0x00001a9c        0x8 release\s3eSoundPool.os
 .ARM.exidx.text.s3eSoundPoolSampleLoad
                0x00001aa4        0x8 release\s3eSoundPool.os
 .ARM.exidx.text.s3eSoundPoolStopAllSamples
                0x00001aac        0x8 release\s3eSoundPool.os
 .ARM.exidx.text.s3eSoundPoolResumeAllSamples
                0x00001ab4        0x8 release\s3eSoundPool.os
 .ARM.exidx.text.s3eSoundPoolPauseAllSamples
                0x00001abc        0x8 release\s3eSoundPool.os
 .ARM.exidx.text.s3eSoundPoolSetInt
                0x00001ac4        0x8 release\s3eSoundPool.os
 .ARM.exidx.text.s3eSoundPoolGetInt
                0x00001acc        0x8 release\s3eSoundPool.os
 .ARM.exidx.text._Z21s3eSoundPoolTerminatev
                0x00001ad4        0x8 release\s3eSoundPool.os
 .ARM.exidx.text._Z16s3eSoundPoolInitv
                0x00001adc        0x8 release\s3eSoundPool.os
 .ARM.exidx.text.s3eSoundPoolGetErrorString
                0x00001ae4        0x8 release\s3eSoundPool_register.os
 .ARM.exidx.text.s3eSoundPoolUnRegister
                0x00001aec        0x8 release\s3eSoundPool_register.os
 .ARM.exidx.text.s3eSoundPoolRegister
                0x00001af4        0x0 release\s3eSoundPool_register.os
                                  0x8 (size before relaxing)
 .ARM.exidx.text.s3eSoundPoolGetError
                0x00001af4        0x8 release\s3eSoundPool_register.os
 .ARM.exidx.text.RegisterExt
                0x00001afc        0x8 release\s3eSoundPool_register.os
 .ARM.exidx.text.s3eEdkThreadRunOnOS
                0x00001b04       0x10 C:\dev\sdk\teams\marmite\5.2\s3e\edk\lib\android\libedk.a(edk_helpers.o)
                                  0x8 (size before relaxing)
                0x00001b14                PROVIDE (__exidx_end, .)

.eh_frame_hdr
 *(.eh_frame_hdr)

.eh_frame
 *(.eh_frame)

.gcc_except_table
 *(.gcc_except_table .gcc_except_table.*)
                0x00001b14                . = (ALIGN (0x8000) - ((0x8000 - .) & 0x7fff))
                0x00009b14                . = (0x8000 DATA_SEGMENT_ALIGN 0x1000)

.eh_frame
 *(.eh_frame)

.gcc_except_table
 *(.gcc_except_table .gcc_except_table.*)

.tdata
 *(.tdata .tdata.* .gnu.linkonce.td.*)

.tbss
 *(.tbss .tbss.* .gnu.linkonce.tb.*)
 *(.tcommon)

.preinit_array
 *(.preinit_array)

.init_array
 *(SORT(.init_array.*))
 *(.init_array)

.fini_array
 *(SORT(.fini_array.*))
 *(.fini_array)

.ctors
 *crtbegin.o(.ctors)
 *crtbegin?.o(.ctors)
 *(EXCLUDE_FILE(*crtend?.o *crtend.o) .ctors)
 *(SORT(.ctors.*))
 *(.ctors)

.dtors
 *crtbegin.o(.dtors)
 *crtbegin?.o(.dtors)
 *(EXCLUDE_FILE(*crtend?.o *crtend.o) .dtors)
 *(SORT(.dtors.*))
 *(.dtors)

.jcr
 *(.jcr)

.data.rel.ro
 *(.data.rel.ro.local* .gnu.linkonce.d.rel.ro.local.*)
 *(.data.rel.ro* .gnu.linkonce.d.rel.ro.*)

.dynamic        0x00009b14       0xb0
 *(.dynamic)
 .dynamic       0x00009b14       0xb0 release\s3eSoundPool_platform.os
                0x00009b14                _DYNAMIC
                0x00009bc4                . = (. DATA_SEGMENT_RELRO_END 0x0)

.got            0x00009bc4       0x30
 *(.got.plt)
 .got.plt       0x00009bc4       0x30 release\s3eSoundPool_platform.os
                0x00009bc4                _GLOBAL_OFFSET_TABLE_
 *(.igot.plt)
 *(.got)
 .got           0x00000000        0x0 release\s3eSoundPool_platform.os
 *(.igot)

.data           0x00009bf4        0x0
                0x00009bf4                __data_start = .
 *(.data .data.* .gnu.linkonce.d.*)

.data1
 *(.data1)
                0x00009bf4                _edata = .
                0x00009bf4                PROVIDE (edata, .)
                0x00009bf4                __bss_start = .
                0x00009bf4                __bss_start__ = .

.bss            0x00009bf4       0x40
 *(.dynbss)
 .dynbss        0x00000000        0x0 release\s3eSoundPool_platform.os
 *(.bss .bss.* .gnu.linkonce.b.*)
 .bss           0x00009bf4       0x40 release\s3eSoundPool_platform.os
 *(COMMON)
                0x00009c34                . = ALIGN ((. != 0x0)?0x4:0x1)
                0x00009c34                _bss_end__ = .
                0x00009c34                __bss_end__ = .
                0x00009c34                . = ALIGN (0x4)
                0x00009c34                . = ALIGN (0x4)
                0x00009c34                __end__ = .
                0x00009c34                _end = .
                0x00009c34                PROVIDE (end, .)
                0x00009c34                . = DATA_SEGMENT_END (.)

.stab
 *(.stab)

.stabstr
 *(.stabstr)

.stab.excl
 *(.stab.excl)

.stab.exclstr
 *(.stab.exclstr)

.stab.index
 *(.stab.index)

.stab.indexstr
 *(.stab.indexstr)

.ARM.attributes
                0x00000000       0x2c
 .ARM.attributes
                0x00000000       0x2c release\s3eSoundPool_platform.os
 .ARM.attributes
                0x0000002c       0x2c release\s3eSoundPool.os
 .ARM.attributes
                0x00000058       0x2c release\s3eSoundPool_register.os
 .ARM.attributes
                0x00000084       0x2c C:\dev\sdk\teams\marmite\5.2\s3e\edk\lib\android\libedk.a(edk_helpers.o)

.comment        0x00000000       0xac
 *(.comment)
 .comment       0x00000000       0x2b release\s3eSoundPool_platform.os
 .comment       0x0000002b       0x2b release\s3eSoundPool.os
 .comment       0x00000056       0x2b release\s3eSoundPool_register.os
 .comment       0x00000081       0x2b C:\dev\sdk\teams\marmite\5.2\s3e\edk\lib\android\libedk.a(edk_helpers.o)

.debug
 *(.debug)

.line
 *(.line)

.debug_srcinfo
 *(.debug_srcinfo)

.debug_sfnames
 *(.debug_sfnames)

.debug_aranges
 *(.debug_aranges)

.debug_pubnames
 *(.debug_pubnames)

.debug_info
 *(.debug_info .gnu.linkonce.wi.*)

.debug_abbrev
 *(.debug_abbrev)

.debug_line
 *(.debug_line)

.debug_frame
 *(.debug_frame)

.debug_str
 *(.debug_str)

.debug_loc
 *(.debug_loc)

.debug_macinfo
 *(.debug_macinfo)

.debug_weaknames
 *(.debug_weaknames)

.debug_funcnames
 *(.debug_funcnames)

.debug_typenames
 *(.debug_typenames)

.debug_varnames
 *(.debug_varnames)

.debug_pubtypes
 *(.debug_pubtypes)

.debug_ranges
 *(.debug_ranges)

.gnu.attributes
 *(.gnu.attributes)

.note.gnu.arm.ident
 *(.note.gnu.arm.ident)

/DISCARD/
 *(.note.GNU-stack)
 *(.gnu_debuglink)
OUTPUT(C:\users\ykwok\desktop\s3esoundboard\s3esoundpool\lib\android\libs3eSoundPool.so elf32-littlearm)
